C:\Users\mariu>cd Desktop

C:\Users\mariu\Desktop>mkdir cwiczenia

C:\Users\mariu\Desktop>cd cwiczenia

C:\Users\mariu\Desktop\cwiczenia>mkdir IO cd IO
A subdirectory or file IO already exists.
Error occurred while processing: IO.

C:\Users\mariu\Desktop\cwiczenia>cd IO

C:\Users\mariu\Desktop\cwiczenia\IO>git init
Initialized empty Git repository in C:/Users/mariu/Desktop/cwiczenia/IO/.git/

C:\Users\mariu\Desktop\cwiczenia\IO>git config user.name "Mariusz Syrek"

C:\Users\mariu\Desktop\cwiczenia\IO>git config user.email "76033@student-afm.edu.pl

C:\Users\mariu\Desktop\cwiczenia\IO>nano main.cpp
'nano' is not recognized as an internal or external command,
operable program or batch file.

C:\Users\mariu\Desktop\cwiczenia\IO>git status
On branch main

No commits yet

Untracked files:
  (use "git add <file>..." to include in what will be committed)
        main.cpp

nothing added to commit but untracked files present (use "git add" to track)

C:\Users\mariu\Desktop\cwiczenia\IO>git add main.cpp

C:\Users\mariu\Desktop\cwiczenia\IO>git status
On branch main

No commits yet

Changes to be committed:
  (use "git rm --cached <file>..." to unstage)
        new file:   main.cpp


C:\Users\mariu\Desktop\cwiczenia\IO>git log
fatal: your current branch 'main' does not have any commits yet

C:\Users\mariu\Desktop\cwiczenia\IO>git commit -m
error: switch `m' requires a value

C:\Users\mariu\Desktop\cwiczenia\IO>git commit -m Hej Hej
error: pathspec 'Hej' did not match any file(s) known to git

C:\Users\mariu\Desktop\cwiczenia\IO>git commit -m "hahahah"
[main (root-commit) c3e3dc5] hahahah
 1 file changed, 7 insertions(+)
 create mode 100644 main.cpp

C:\Users\mariu\Desktop\cwiczenia\IO>git log
commit c3e3dc59441002058b7744c1d1e24b938f045a84 (HEAD -> main)
Author: Mariusz Syrek <76033@student-afm.edu.pl>
Date:   Sun Jan 25 14:03:25 2026 +0100

    hahahah

C:\Users\mariu\Desktop\cwiczenia\IO>git status
On branch main
nothing to commit, working tree clean

C:\Users\mariu\Desktop\cwiczenia\IO>nano main.cpp
'nano' is not recognized as an internal or external command,
operable program or batch file.

C:\Users\mariu\Desktop\cwiczenia\IO>git commit -m "Dodano Hello World"
On branch main
nothing to commit, working tree clean

C:\Users\mariu\Desktop\cwiczenia\IO>git log
commit c3e3dc59441002058b7744c1d1e24b938f045a84 (HEAD -> main)
Author: Mariusz Syrek <76033@student-afm.edu.pl>
Date:   Sun Jan 25 14:03:25 2026 +0100

    hahahah

C:\Users\mariu\Desktop\cwiczenia\IO>git status
On branch main
nothing to commit, working tree clean

C:\Users\mariu\Desktop\cwiczenia\IO>notepad main.cpp

C:\Users\mariu\Desktop\cwiczenia\IO>git status
On branch main
Changes not staged for commit:
  (use "git add <file>..." to update what will be committed)
  (use "git restore <file>..." to discard changes in working directory)
        modified:   main.cpp

no changes added to commit (use "git add" and/or "git commit -a")

C:\Users\mariu\Desktop\cwiczenia\IO>git add main.cpp

C:\Users\mariu\Desktop\cwiczenia\IO>git add main.cpp

C:\Users\mariu\Desktop\cwiczenia\IO>git commit -m "Zmieniono tekst na Witaj świecie"
[main 3c9eda7] Zmieniono tekst na Witaj świecie
 1 file changed, 1 insertion(+), 1 deletion(-)

C:\Users\mariu\Desktop\cwiczenia\IO>git status
On branch main
nothing to commit, working tree clean

C:\Users\mariu\Desktop\cwiczenia\IO>notepad main.cpp

C:\Users\mariu\Desktop\cwiczenia\IO>git status
On branch main
Changes not staged for commit:
  (use "git add <file>..." to update what will be committed)
  (use "git restore <file>..." to discard changes in working directory)
        modified:   main.cpp

no changes added to commit (use "git add" and/or "git commit -a")

C:\Users\mariu\Desktop\cwiczenia\IO>git add .

C:\Users\mariu\Desktop\cwiczenia\IO>git status
On branch main
Changes to be committed:
  (use "git restore --staged <file>..." to unstage)
        modified:   main.cpp


C:\Users\mariu\Desktop\cwiczenia\IO>git commit -m "Dodano linie jest git"
[main 029b549] Dodano linie jest git
 1 file changed, 2 insertions(+)

C:\Users\mariu\Desktop\cwiczenia\IO>notepad Struktura.cpp

C:\Users\mariu\Desktop\cwiczenia\IO>notepad main.cpp

C:\Users\mariu\Desktop\cwiczenia\IO>git status
On branch main
Changes not staged for commit:
  (use "git add <file>..." to update what will be committed)
  (use "git restore <file>..." to discard changes in working directory)
        modified:   main.cpp

Untracked files:
  (use "git add <file>..." to include in what will be committed)
        Struktura.cpp

no changes added to commit (use "git add" and/or "git commit -a")

C:\Users\mariu\Desktop\cwiczenia\IO>git add Struktura.cpp main.cpp

C:\Users\mariu\Desktop\cwiczenia\IO>git commit -m "Dodano strukture i dane"
[main 7134c33] Dodano strukture i dane
 2 files changed, 19 insertions(+), 3 deletions(-)
 create mode 100644 Struktura.cpp

C:\Users\mariu\Desktop\cwiczenia\IO>git status
On branch main
nothing to commit, working tree clean

C:\Users\mariu\Desktop\cwiczenia\IO>del Struktura.cpp

C:\Users\mariu\Desktop\cwiczenia\IO>git status
On branch main
Changes not staged for commit:
  (use "git add/rm <file>..." to update what will be committed)
  (use "git restore <file>..." to discard changes in working directory)
        deleted:    Struktura.cpp

no changes added to commit (use "git add" and/or "git commit -a")

C:\Users\mariu\Desktop\cwiczenia\IO>git add -A

C:\Users\mariu\Desktop\cwiczenia\IO>git commit -m "Usunieto Struktura.cpp"
[main aec917f] Usunieto Struktura.cpp
 1 file changed, 9 deletions(-)
 delete mode 100644 Struktura.cpp

C:\Users\mariu\Desktop\cwiczenia\IO>git status
On branch main
nothing to commit, working tree clean

C:\Users\mariu\Desktop\cwiczenia\IO>
